---
source: dprint_plugin/tests/integration.rs
assertion_line: 218
---
<template>
  <div>{{ $t("hello") }}</div>
</template>

<i18n lang="json">
{
"en":    {"hello":   "Hello"},
  "de": {"hello":"Hallo"   }
}
</i18n>
