---
source: markup_fmt/tests/fmt.rs
---
<button {@attach (node) => {}}></button>

<button {@attach tooltip("")}></button>
